"","x","y","label","colour"
"1","UMAP1","UMAP2","label","classification"
